POST / HTTP/1.1
Host: example.com
Impersonate-Extra-Extra-Key: extra-value
Impersonate-User: 

