V3 Stack: custom-stack:
  Name  Position  Version  Latest
  bp-1  0                  false
  bp-2  1                  false
