Error: no space targeted, use 'kf target --space SPACE' to target a space
