# Test:	TestApplySubstitution/missing_substitution
# input: 'name: ((name))'
# variables: null

