# Test:	TestApplySubstitution/nested_int_map
# input: |2-
# 
#   env:
#     1: ((value))
#     2: ((value))
# variables:
#   key: 1
#   value: 2

env:
  "1": 2
  "2": 2
