# Test:	TestMakeVirtualService/blank_host
# routeBindings: null
# routeServiceBindings: null
# routes:
# - metadata:
#     creationTimestamp: null
#     name: fake-route--example-com--some-p114a6aca3ebe08a915b0561565fbe84d
#     namespace: some-namespace
#   spec:
#     domain: example.com
#     path: /some-path
#   status:
#     routeService: {}
#     virtualservice: {}
# spaceDomain:
#   domain: example.com
#   gatewayName: kf/some-gateway

{
    "kind": "VirtualService",
    "apiVersion": "networking.istio.io/v1alpha3",
    "metadata": {
        "name": "example-com5ababd603b22780302dd8d83498e5172",
        "namespace": "some-namespace",
        "creationTimestamp": null,
        "labels": {
            "app.kubernetes.io/component": "virtualservice",
            "app.kubernetes.io/managed-by": "kf"
        },
        "annotations": {
            "kf.dev/domain": "example.com"
        },
        "ownerReferences": [
            {
                "apiVersion": "kf.dev/v1alpha1",
                "kind": "Route",
                "name": "fake-route--example-com--some-p114a6aca3ebe08a915b0561565fbe84d",
                "uid": ""
            }
        ]
    },
    "spec": {
        "hosts": [
            "*.example.com",
            "example.com"
        ],
        "gateways": [
            "kf/some-gateway"
        ],
        "http": [
            {
                "match": [
                    {
                        "uri": {
                            "regex": "^/some-path(/.*)?"
                        },
                        "authority": {
                            "exact": "example.com"
                        }
                    }
                ],
                "route": [
                    {
                        "destination": {
                            "host": "null.invalid"
                        },
                        "weight": 100
                    }
                ],
                "fault": {
                    "abort": {
                        "httpStatus": 404,
                        "percentage": {
                            "value": 100
                        }
                    }
                }
            }
        ]
    }
}