# Test:	TestMakeVirtualService/custom_gateway
# routeBindings:
# - destination:
#     port: 80
#     serviceName: some-app
#     weight: 1
#   source:
#     domain: example.com
#     hostname: some-host
#     path: /some-path
# routeServiceBindings: null
# routes:
# - metadata:
#     creationTimestamp: null
#     name: fake-route-some-host-example-co98ab99cdf188e05a65dad35fa162c013
#     namespace: some-namespace
#   spec:
#     domain: example.com
#     hostname: some-host
#     path: /some-path
#   status:
#     routeService: {}
#     virtualservice: {}
# spaceDomain:
#   domain: example.com
#   gatewayName: kf/some-gateway

{
    "kind": "VirtualService",
    "apiVersion": "networking.istio.io/v1alpha3",
    "metadata": {
        "name": "example-com5ababd603b22780302dd8d83498e5172",
        "namespace": "some-namespace",
        "creationTimestamp": null,
        "labels": {
            "app.kubernetes.io/component": "virtualservice",
            "app.kubernetes.io/managed-by": "kf"
        },
        "annotations": {
            "kf.dev/domain": "example.com"
        },
        "ownerReferences": [
            {
                "apiVersion": "kf.dev/v1alpha1",
                "kind": "Route",
                "name": "fake-route-some-host-example-co98ab99cdf188e05a65dad35fa162c013",
                "uid": ""
            }
        ]
    },
    "spec": {
        "hosts": [
            "*.example.com",
            "example.com"
        ],
        "gateways": [
            "kf/some-gateway"
        ],
        "http": [
            {
                "match": [
                    {
                        "uri": {
                            "regex": "^/some-path(/.*)?"
                        },
                        "authority": {
                            "exact": "some-host.example.com"
                        },
                        "headers": {
                            "x-kf-app": {
                                "exact": "some-app"
                            }
                        }
                    }
                ],
                "route": [
                    {
                        "destination": {
                            "host": "some-app",
                            "port": {
                                "number": 80
                            }
                        },
                        "weight": 100
                    }
                ]
            },
            {
                "match": [
                    {
                        "uri": {
                            "regex": "^/some-path(/.*)?"
                        },
                        "authority": {
                            "exact": "some-host.example.com"
                        }
                    }
                ],
                "route": [
                    {
                        "destination": {
                            "host": "some-app",
                            "port": {
                                "number": 80
                            }
                        },
                        "weight": 100
                    }
                ]
            }
        ]
    }
}