MODE        SIZE  NAME
-rwxr-xr-x  8     /var/run/kontext/include
