MODE        SIZE  NAME
-rwxr-xr-x  0     /var/run/kontext
