# Test:	TestBuildStatus_PropagateBuildStatus/nil
# TaskRun: null

{}