Status:
  Succeeded:
    Ready:    Unknown
    Message:  condition-succeeded-message
  Conditions:
    Type  Status  Updated  Message  Reason
