Status:
  Ready:
    Ready:  Unknown
  Conditions:
    Type            Status  Updated    Message  Reason
    NamespaceReady  False   <unknown>           
    SecretReady     True    <unknown>           
